[38;5;159m[Genesis] [11:57:17] [INFO] [38;5;121m╭───────────────────────────────────────────────╮[0m[38;5;159m[0m
[38;5;159m[Genesis] [11:57:17] [INFO] [38;5;121m│┈┉┈┉┈┉┈┉┈┉┈┉┈┉┈┉┈┉┈[0m[38;5;159m [38;5;121m[1m[3mGenesis[0m[38;5;159m [38;5;121m┈┉┈┉┈┉┈┉┈┉┈┉┈┉┈┉┈┉┈│[0m[38;5;159m[0m
[38;5;159m[Genesis] [11:57:17] [INFO] [38;5;121m╰───────────────────────────────────────────────╯[0m[38;5;159m[0m
[38;5;159m[Genesis] [11:57:17] [INFO] Running on [38;5;121m[4m[NVIDIA GeForce RTX 3060 Ti][0m[38;5;159m with backend [38;5;121m[4mgs.cuda[0m[38;5;159m. Device memory: [38;5;121m[4m7.63[0m[38;5;159m GB.[0m
[38;5;159m[Genesis] [11:57:17] [INFO] 🚀 Genesis initialized. 🔖 version: [38;5;121m[4m0.2.1[0m[38;5;159m, 🌱 seed: [38;5;121m[4mNone[0m[38;5;159m, 📏 precision: '[38;5;121m[4m32[0m[38;5;159m', 🐛 debug: [38;5;121m[4mFalse[0m[38;5;159m, 🎨 theme: '[38;5;121m[4mdark[0m[38;5;159m'.[0m
[38;5;159m[Genesis] [11:57:18] [INFO] Scene [38;5;121m[3m<219ead9>[0m[38;5;159m created.[0m
[38;5;159m[Genesis] [11:57:18] [INFO] Adding [38;5;121m<gs.RigidEntity>[0m[38;5;159m. idx: [38;5;121m0[0m[38;5;159m, uid: [38;5;121m[3m<4d67401>[0m[38;5;159m, morph: [38;5;121m<gs.morphs.Plane>[0m[38;5;159m, material: [38;5;121m<gs.materials.Rigid>[0m[38;5;159m.[0m
[38;5;159m[Genesis] [11:57:18] [INFO] Adding [38;5;121m<gs.RigidEntity>[0m[38;5;159m. idx: [38;5;121m1[0m[38;5;159m, uid: [38;5;121m[3m<6e0829e>[0m[38;5;159m, morph: [38;5;121m<gs.morphs.URDF(file='/home/jkoba/SynologyDrive/genesis_humanoid_rl/assets/robots/g1/g1_29dof.urdf')>[0m[38;5;159m, material: [38;5;121m<gs.materials.Rigid>[0m[38;5;159m.[0m
[38;5;159m[Genesis] [11:57:19] [INFO] Building scene [38;5;121m[3m<219ead9>[0m[38;5;159m...[0m
[38;5;159m[Genesis] [11:57:24] [INFO] Compiling simulation kernels...[0m
[38;5;159m[Genesis] [11:57:29] [INFO] Building visualizer...[0m
[38;5;159m[Genesis] [11:57:31] [INFO] Running at [38;5;121m200.81[0m[38;5;159m FPS.[0m
[38;5;159m[Genesis] [11:57:31] [INFO] Running at [38;5;121m201.79[0m[38;5;159m FPS.[0m
[38;5;159m[Genesis] [11:57:31] [INFO] Running at [38;5;121m202.56[0m[38;5;159m FPS.[0m
[38;5;159m[Genesis] [11:57:31] [INFO] Running at [38;5;121m203.54[0m[38;5;159m FPS.[0m
[38;5;159m[Genesis] [11:57:31] [INFO] Running at [38;5;121m204.37[0m[38;5;159m FPS.[0m
[38;5;159m[Genesis] [11:57:31] [INFO] Running at [38;5;121m203.02[0m[38;5;159m FPS.[0m
[38;5;159m[Genesis] [11:57:31] [INFO] Running at [38;5;121m192.13[0m[38;5;159m FPS.[0m
[38;5;159m[Genesis] [11:57:31] [INFO] Running at [38;5;121m182.76[0m[38;5;159m FPS.[0m
[38;5;159m[Genesis] [11:57:31] [INFO] Running at [38;5;121m174.66[0m[38;5;159m FPS.[0m
[38;5;159m[Genesis] [11:57:31] [INFO] Running at [38;5;121m167.59[0m[38;5;159m FPS.[0m
[38;5;159m[Genesis] [11:57:32] [INFO] Scene [38;5;121m[3m<a85e24e>[0m[38;5;159m created.[0m
[38;5;159m[Genesis] [11:57:32] [INFO] Adding [38;5;121m<gs.RigidEntity>[0m[38;5;159m. idx: [38;5;121m0[0m[38;5;159m, uid: [38;5;121m[3m<3118725>[0m[38;5;159m, morph: [38;5;121m<gs.morphs.Plane>[0m[38;5;159m, material: [38;5;121m<gs.materials.Rigid>[0m[38;5;159m.[0m
[38;5;159m[Genesis] [11:57:32] [INFO] Adding [38;5;121m<gs.RigidEntity>[0m[38;5;159m. idx: [38;5;121m1[0m[38;5;159m, uid: [38;5;121m[3m<10f0815>[0m[38;5;159m, morph: [38;5;121m<gs.morphs.URDF(file='/home/jkoba/SynologyDrive/genesis_humanoid_rl/assets/robots/g1/g1_29dof.urdf')>[0m[38;5;159m, material: [38;5;121m<gs.materials.Rigid>[0m[38;5;159m.[0m
[38;5;159m[Genesis] [11:57:33] [INFO] Building scene [38;5;121m[3m<a85e24e>[0m[38;5;159m...[0m
[38;5;159m[Genesis] [11:57:38] [INFO] Compiling simulation kernels...[0m
[38;5;159m[Genesis] [11:57:43] [INFO] Building visualizer...[0m
[38;5;159m[Genesis] [11:57:43] [INFO] Running at [38;5;121m249.02[0m[38;5;159m FPS.[0m
[38;5;159m[Genesis] [11:57:43] [INFO] Running at [38;5;121m247.60[0m[38;5;159m FPS.[0m
[38;5;159m[Genesis] [11:57:43] [INFO] Running at [38;5;121m246.01[0m[38;5;159m FPS.[0m
[38;5;159m[Genesis] [11:57:43] [INFO] Running at [38;5;121m244.47[0m[38;5;159m FPS.[0m
[38;5;159m[Genesis] [11:57:43] [INFO] Running at [38;5;121m243.04[0m[38;5;159m FPS.[0m
[38;5;159m[Genesis] [11:57:43] [INFO] Running at [38;5;121m239.22[0m[38;5;159m FPS.[0m
[38;5;159m[Genesis] [11:57:43] [INFO] Running at [38;5;121m222.08[0m[38;5;159m FPS.[0m
[38;5;159m[Genesis] [11:57:43] [INFO] Running at [38;5;121m208.25[0m[38;5;159m FPS.[0m
[38;5;159m[Genesis] [11:57:43] [INFO] Running at [38;5;121m196.45[0m[38;5;159m FPS.[0m
[38;5;159m[Genesis] [11:57:43] [INFO] Running at [38;5;121m186.43[0m[38;5;159m FPS.[0m
[38;5;159m[Genesis] [11:57:44] [INFO] Scene [38;5;121m[3m<fd184da>[0m[38;5;159m created.[0m
[38;5;159m[Genesis] [11:57:44] [INFO] Adding [38;5;121m<gs.RigidEntity>[0m[38;5;159m. idx: [38;5;121m0[0m[38;5;159m, uid: [38;5;121m[3m<6723daa>[0m[38;5;159m, morph: [38;5;121m<gs.morphs.Plane>[0m[38;5;159m, material: [38;5;121m<gs.materials.Rigid>[0m[38;5;159m.[0m
[38;5;159m[Genesis] [11:57:44] [INFO] Adding [38;5;121m<gs.RigidEntity>[0m[38;5;159m. idx: [38;5;121m1[0m[38;5;159m, uid: [38;5;121m[3m<41784f5>[0m[38;5;159m, morph: [38;5;121m<gs.morphs.URDF(file='/home/jkoba/SynologyDrive/genesis_humanoid_rl/assets/robots/g1/g1_29dof.urdf')>[0m[38;5;159m, material: [38;5;121m<gs.materials.Rigid>[0m[38;5;159m.[0m
[38;5;159m[Genesis] [11:57:45] [INFO] Building scene [38;5;121m[3m<fd184da>[0m[38;5;159m...[0m
[38;5;159m[Genesis] [11:57:50] [INFO] Compiling simulation kernels...[0m
[38;5;159m[Genesis] [11:57:55] [INFO] Building visualizer...[0m
[38;5;159m[Genesis] [11:57:56] [INFO] Running at [38;5;121m249.41[0m[38;5;159m FPS.[0m
[38;5;159m[Genesis] [11:57:56] [INFO] Running at [38;5;121m247.14[0m[38;5;159m FPS.[0m
[38;5;159m[Genesis] [11:57:56] [INFO] Running at [38;5;121m245.59[0m[38;5;159m FPS.[0m
[38;5;159m[Genesis] [11:57:56] [INFO] Running at [38;5;121m244.45[0m[38;5;159m FPS.[0m
[38;5;159m[Genesis] [11:57:56] [INFO] Running at [38;5;121m242.94[0m[38;5;159m FPS.[0m
[38;5;159m[Genesis] [11:57:56] [INFO] Running at [38;5;121m239.63[0m[38;5;159m FPS.[0m
[38;5;159m[Genesis] [11:57:56] [INFO] Running at [38;5;121m222.44[0m[38;5;159m FPS.[0m
[38;5;159m[Genesis] [11:57:56] [INFO] Running at [38;5;121m208.56[0m[38;5;159m FPS.[0m
[38;5;159m[Genesis] [11:57:56] [INFO] Running at [38;5;121m196.73[0m[38;5;159m FPS.[0m
[38;5;159m[Genesis] [11:57:56] [INFO] Running at [38;5;121m186.67[0m[38;5;159m FPS.[0m
[38;5;159m[Genesis] [11:57:56] [INFO] Running at [38;5;121m88.95[0m[38;5;159m FPS.[0m
[38;5;159m[Genesis] [11:57:56] [INFO] Running at [38;5;121m91.53[0m[38;5;159m FPS.[0m
[38;5;159m[Genesis] [11:57:56] [INFO] Running at [38;5;121m94.30[0m[38;5;159m FPS.[0m
[38;5;159m[Genesis] [11:57:56] [INFO] Running at [38;5;121m97.01[0m[38;5;159m FPS.[0m
[38;5;159m[Genesis] [11:57:56] [INFO] Running at [38;5;121m99.82[0m[38;5;159m FPS.[0m
[38;5;159m[Genesis] [11:57:56] [INFO] Scene [38;5;121m[3m<1b7f436>[0m[38;5;159m created.[0m
[38;5;159m[Genesis] [11:57:56] [INFO] Adding [38;5;121m<gs.RigidEntity>[0m[38;5;159m. idx: [38;5;121m0[0m[38;5;159m, uid: [38;5;121m[3m<839ec4c>[0m[38;5;159m, morph: [38;5;121m<gs.morphs.Plane>[0m[38;5;159m, material: [38;5;121m<gs.materials.Rigid>[0m[38;5;159m.[0m
[38;5;159m[Genesis] [11:57:56] [INFO] Adding [38;5;121m<gs.RigidEntity>[0m[38;5;159m. idx: [38;5;121m1[0m[38;5;159m, uid: [38;5;121m[3m<d1de8e4>[0m[38;5;159m, morph: [38;5;121m<gs.morphs.URDF(file='/home/jkoba/SynologyDrive/genesis_humanoid_rl/assets/robots/g1/g1_29dof.urdf')>[0m[38;5;159m, material: [38;5;121m<gs.materials.Rigid>[0m[38;5;159m.[0m
[38;5;159m[Genesis] [11:57:58] [INFO] Building scene [38;5;121m[3m<1b7f436>[0m[38;5;159m...[0m
[38;5;159m[Genesis] [11:58:03] [INFO] Compiling simulation kernels...[0m
[38;5;159m[Genesis] [11:58:08] [INFO] Building visualizer...[0m
[38;5;159m[Genesis] [11:58:09] [INFO] Running at [38;5;121m231.00[0m[38;5;159m FPS.[0m
[38;5;159m[Genesis] [11:58:09] [INFO] Running at [38;5;121m229.77[0m[38;5;159m FPS.[0m
[38;5;159m[Genesis] [11:58:09] [INFO] Running at [38;5;121m228.74[0m[38;5;159m FPS.[0m
[38;5;159m[Genesis] [11:58:09] [INFO] Running at [38;5;121m228.04[0m[38;5;159m FPS.[0m
[38;5;159m[Genesis] [11:58:09] [INFO] Running at [38;5;121m226.90[0m[38;5;159m FPS.[0m
[38;5;159m[Genesis] [11:58:09] [INFO] Running at [38;5;121m226.22[0m[38;5;159m FPS.[0m
[38;5;159m[Genesis] [11:58:09] [INFO] Running at [38;5;121m212.42[0m[38;5;159m FPS.[0m
[38;5;159m[Genesis] [11:58:09] [INFO] Running at [38;5;121m200.03[0m[38;5;159m FPS.[0m
[38;5;159m[Genesis] [11:58:09] [INFO] Running at [38;5;121m189.53[0m[38;5;159m FPS.[0m
[38;5;159m[Genesis] [11:58:09] [INFO] Running at [38;5;121m180.61[0m[38;5;159m FPS.[0m
[38;5;159m[Genesis] [11:58:09] [INFO] Running at [38;5;121m84.50[0m[38;5;159m FPS.[0m
[38;5;159m[Genesis] [11:58:09] [INFO] Running at [38;5;121m86.94[0m[38;5;159m FPS.[0m
[38;5;159m[Genesis] [11:58:09] [INFO] Running at [38;5;121m89.55[0m[38;5;159m FPS.[0m
[38;5;159m[Genesis] [11:58:09] [INFO] Running at [38;5;121m92.17[0m[38;5;159m FPS.[0m
[38;5;159m[Genesis] [11:58:09] [INFO] Running at [38;5;121m94.80[0m[38;5;159m FPS.[0m
[38;5;159m[Genesis] [11:58:09] [INFO] Running at [38;5;121m87.15[0m[38;5;159m FPS.[0m
[38;5;159m[Genesis] [11:58:09] [INFO] Running at [38;5;121m89.78[0m[38;5;159m FPS.[0m
[38;5;159m[Genesis] [11:58:09] [INFO] Running at [38;5;121m92.39[0m[38;5;159m FPS.[0m
[38;5;159m[Genesis] [11:58:09] [INFO] Running at [38;5;121m95.02[0m[38;5;159m FPS.[0m
[38;5;159m[Genesis] [11:58:09] [INFO] Running at [38;5;121m97.73[0m[38;5;159m FPS.[0m
[38;5;159m[Genesis] [11:58:09] [INFO] Running at [38;5;121m89.23[0m[38;5;159m FPS.[0m
[38;5;159m[Genesis] [11:58:09] [INFO] Running at [38;5;121m91.77[0m[38;5;159m FPS.[0m
[38;5;159m[Genesis] [11:58:09] [INFO] Running at [38;5;121m94.38[0m[38;5;159m FPS.[0m
[38;5;159m[Genesis] [11:58:09] [INFO] Running at [38;5;121m97.04[0m[38;5;159m FPS.[0m
[38;5;159m[Genesis] [11:58:09] [INFO] Running at [38;5;121m99.70[0m[38;5;159m FPS.[0m
[38;5;159m[Genesis] [11:58:09] [INFO] Running at [38;5;121m87.56[0m[38;5;159m FPS.[0m
[38;5;159m[Genesis] [11:58:09] [INFO] Running at [38;5;121m90.28[0m[38;5;159m FPS.[0m
[38;5;159m[Genesis] [11:58:09] [INFO] Running at [38;5;121m93.01[0m[38;5;159m FPS.[0m
[38;5;159m[Genesis] [11:58:09] [INFO] Running at [38;5;121m95.80[0m[38;5;159m FPS.[0m
[38;5;159m[Genesis] [11:58:09] [INFO] Running at [38;5;121m98.57[0m[38;5;159m FPS.[0m
[38;5;159m[Genesis] [11:58:09] [INFO] Running at [38;5;121m78.16[0m[38;5;159m FPS.[0m
[38;5;159m[Genesis] [11:58:09] [INFO] Running at [38;5;121m80.77[0m[38;5;159m FPS.[0m
[38;5;159m[Genesis] [11:58:09] [INFO] Running at [38;5;121m83.40[0m[38;5;159m FPS.[0m
[38;5;159m[Genesis] [11:58:09] [INFO] Running at [38;5;121m86.09[0m[38;5;159m FPS.[0m
[38;5;159m[Genesis] [11:58:09] [INFO] Running at [38;5;121m88.75[0m[38;5;159m FPS.[0m
[38;5;159m[Genesis] [11:58:09] [INFO] Running at [38;5;121m73.39[0m[38;5;159m FPS.[0m
[38;5;159m[Genesis] [11:58:09] [INFO] Running at [38;5;121m75.94[0m[38;5;159m FPS.[0m
[38;5;159m[Genesis] [11:58:09] [INFO] Running at [38;5;121m78.49[0m[38;5;159m FPS.[0m
[38;5;159m[Genesis] [11:58:09] [INFO] Running at [38;5;121m81.11[0m[38;5;159m FPS.[0m
[38;5;159m[Genesis] [11:58:09] [INFO] Running at [38;5;121m83.74[0m[38;5;159m FPS.[0m
[38;5;159m[Genesis] [11:58:09] [INFO] Running at [38;5;121m68.17[0m[38;5;159m FPS.[0m
[38;5;159m[Genesis] [11:58:09] [INFO] Running at [38;5;121m70.62[0m[38;5;159m FPS.[0m
[38;5;159m[Genesis] [11:58:09] [INFO] Running at [38;5;121m73.09[0m[38;5;159m FPS.[0m
[38;5;159m[Genesis] [11:58:09] [INFO] Running at [38;5;121m75.63[0m[38;5;159m FPS.[0m
[38;5;159m[Genesis] [11:58:09] [INFO] Running at [38;5;121m78.13[0m[38;5;159m FPS.[0m
[38;5;159m[Genesis] [11:58:09] [INFO] Running at [38;5;121m63.69[0m[38;5;159m FPS.[0m
[38;5;159m[Genesis] [11:58:09] [INFO] Running at [38;5;121m66.05[0m[38;5;159m FPS.[0m
[38;5;159m[Genesis] [11:58:09] [INFO] Running at [38;5;121m68.43[0m[38;5;159m FPS.[0m
[38;5;159m[Genesis] [11:58:09] [INFO] Running at [38;5;121m70.89[0m[38;5;159m FPS.[0m
[38;5;159m[Genesis] [11:58:09] [INFO] Running at [38;5;121m73.19[0m[38;5;159m FPS.[0m
[38;5;159m[Genesis] [11:58:09] [INFO] Running at [38;5;121m61.75[0m[38;5;159m FPS.[0m
[38;5;159m[Genesis] [11:58:09] [INFO] Running at [38;5;121m64.07[0m[38;5;159m FPS.[0m
[38;5;159m[Genesis] [11:58:09] [INFO] Running at [38;5;121m66.42[0m[38;5;159m FPS.[0m
[38;5;159m[Genesis] [11:58:09] [INFO] Running at [38;5;121m68.83[0m[38;5;159m FPS.[0m
[38;5;159m[Genesis] [11:58:09] [INFO] Running at [38;5;121m70.93[0m[38;5;159m FPS.[0m
[38;5;159m[Genesis] [11:58:09] [INFO] Running at [38;5;121m59.81[0m[38;5;159m FPS.[0m
[38;5;159m[Genesis] [11:58:09] [INFO] Running at [38;5;121m62.07[0m[38;5;159m FPS.[0m
[38;5;159m[Genesis] [11:58:09] [INFO] Running at [38;5;121m64.39[0m[38;5;159m FPS.[0m
[38;5;159m[Genesis] [11:58:09] [INFO] Running at [38;5;121m66.75[0m[38;5;159m FPS.[0m
[38;5;159m[Genesis] [11:58:09] [INFO] Running at [38;5;121m69.16[0m[38;5;159m FPS.[0m
=== Stable-Baselines3 Humanoid Training ===
Experiment: progression_demo
Total timesteps: 100,000
Parallel environments: 4
Episode length: 1000
Initialized RobotGroundingCalculator
  Robot links: 30
  Robot DOFs: 35
Detecting foot links...
  Found 2 foot links
    - left_ankle_roll_link
    - right_ankle_roll_link
Calculating grounding height...
  Current base height: 1.000m
  Lowest foot point: 0.243m
  Calculated grounding height: 0.787m
  (This will place feet 30.0mm above ground)
Loaded G1 robot with 35 DOFs
Robot has 30 links
Initialized RobotGroundingCalculator
  Robot links: 30
  Robot DOFs: 35
Detecting foot links...
  Found 2 foot links
    - left_ankle_roll_link
    - right_ankle_roll_link
Calculating grounding height...
  Current base height: 1.000m
  Lowest foot point: 0.243m
  Calculated grounding height: 0.787m
  (This will place feet 30.0mm above ground)
Loaded G1 robot with 35 DOFs
Robot has 30 links
Initialized RobotGroundingCalculator
  Robot links: 30
  Robot DOFs: 35
Detecting foot links...
  Found 2 foot links
    - left_ankle_roll_link
    - right_ankle_roll_link
Calculating grounding height...
  Current base height: 1.000m
  Lowest foot point: 0.243m
  Calculated grounding height: 0.787m
  (This will place feet 30.0mm above ground)
Loaded G1 robot with 35 DOFs
Robot has 30 links
Initialized RobotGroundingCalculator
  Robot links: 30
  Robot DOFs: 35
Detecting foot links...
  Found 2 foot links
    - left_ankle_roll_link
    - right_ankle_roll_link
Calculating grounding height...
  Current base height: 1.000m
  Lowest foot point: 0.243m
  Calculated grounding height: 0.787m
  (This will place feet 30.0mm above ground)
Loaded G1 robot with 35 DOFs
Robot has 30 links
✓ Environment passed SB3 compatibility check
Training failed: Genesis already initialized.
[38;5;9m[Genesis] [11:58:10] [ERROR] Genesis already initialized.[0m
[38;5;159m[Genesis] [11:58:10] [INFO] 💤 Exiting Genesis and caching compiled kernels...[0m
Exception ignored in atexit callback: <function _gs_exit at 0x7610ac5b5c60>
Traceback (most recent call last):
  File "/home/jkoba/SynologyDrive/genesis_humanoid_rl/.venv/lib/python3.10/site-packages/genesis/__init__.py", line 246, in _gs_exit
    destroy()
  File "/home/jkoba/SynologyDrive/genesis_humanoid_rl/.venv/lib/python3.10/site-packages/genesis/__init__.py", line 179, in destroy
    scene._visualizer._rasterizer.destroy()
  File "/home/jkoba/SynologyDrive/genesis_humanoid_rl/.venv/lib/python3.10/site-packages/genesis/vis/rasterizer.py", line 126, in destroy
    self._renderer._platform.make_current()
  File "/home/jkoba/SynologyDrive/genesis_humanoid_rl/.venv/lib/python3.10/site-packages/genesis/ext/pyrender/platforms/egl.py", line 220, in make_current
    assert eglMakeCurrent(self._egl_display, EGL_NO_SURFACE, EGL_NO_SURFACE, self._egl_context)
  File "/home/jkoba/SynologyDrive/genesis_humanoid_rl/.venv/lib/python3.10/site-packages/OpenGL/error.py", line 230, in glCheckError
    raise self._errorClass(
OpenGL.raw.EGL._errors.EGLError: EGLError(
	err = EGL_NOT_INITIALIZED,
	baseOperation = eglMakeCurrent,
	cArguments = (
		<OpenGL._opaque.EGLDisplay_pointer object at 0x760ff3796d40>,
		<OpenGL._opaque.EGLSurface_pointer object at 0x76101c6e3240>,
		<OpenGL._opaque.EGLSurface_pointer object at 0x76101c6e3240>,
		<OpenGL._opaque.EGLContext_pointer object at 0x760ff3796dc0>,
	),
	result = 0
)
Traceback (most recent call last):
  File "/home/jkoba/SynologyDrive/genesis_humanoid_rl/scripts/train_sb3.py", line 298, in <module>
    main()
  File "/home/jkoba/SynologyDrive/genesis_humanoid_rl/scripts/train_sb3.py", line 291, in main
    train(args.config, args.render)
  File "/home/jkoba/SynologyDrive/genesis_humanoid_rl/scripts/train_sb3.py", line 154, in train
    env = create_environment(env_config, render_mode=render_mode)
  File "/home/jkoba/SynologyDrive/genesis_humanoid_rl/scripts/train_sb3.py", line 120, in create_environment
    env = make_vec_env(
  File "/home/jkoba/SynologyDrive/genesis_humanoid_rl/.venv/lib/python3.10/site-packages/stable_baselines3/common/env_util.py", line 125, in make_vec_env
    vec_env = vec_env_cls([make_env(i + start_index) for i in range(n_envs)], **vec_env_kwargs)
  File "/home/jkoba/SynologyDrive/genesis_humanoid_rl/.venv/lib/python3.10/site-packages/stable_baselines3/common/vec_env/dummy_vec_env.py", line 31, in __init__
    self.envs = [_patch_env(fn()) for fn in env_fns]
  File "/home/jkoba/SynologyDrive/genesis_humanoid_rl/.venv/lib/python3.10/site-packages/stable_baselines3/common/vec_env/dummy_vec_env.py", line 31, in <listcomp>
    self.envs = [_patch_env(fn()) for fn in env_fns]
  File "/home/jkoba/SynologyDrive/genesis_humanoid_rl/.venv/lib/python3.10/site-packages/stable_baselines3/common/env_util.py", line 98, in _init
    env = env_id(**env_kwargs)
  File "/home/jkoba/SynologyDrive/genesis_humanoid_rl/scripts/train_sb3.py", line 110, in _make_env
    return make_humanoid_env(
  File "/home/jkoba/SynologyDrive/genesis_humanoid_rl/src/genesis_humanoid_rl/environments/sb3_wrapper.py", line 141, in make_humanoid_env
    env = SB3HumanoidEnv(render_mode=render_mode, **env_kwargs)
  File "/home/jkoba/SynologyDrive/genesis_humanoid_rl/src/genesis_humanoid_rl/environments/sb3_wrapper.py", line 34, in __init__
    self.env = HumanoidWalkingEnv(
  File "/home/jkoba/SynologyDrive/genesis_humanoid_rl/src/genesis_humanoid_rl/environments/humanoid_env.py", line 49, in __init__
    gs.init()
  File "/home/jkoba/SynologyDrive/genesis_humanoid_rl/.venv/lib/python3.10/site-packages/genesis/__init__.py", line 50, in init
    raise_exception("Genesis already initialized.")

